127.0.0.1 - - [19/Sep/2023:12:24:10 +0900] "GET / HTTP/1.1" 404 807
0:0:0:0:0:0:0:1 - - [19/Sep/2023:12:24:11 +0900] "GET /chapter06/ HTTP/1.1" 404 821
0:0:0:0:0:0:0:1 - - [19/Sep/2023:12:24:11 +0900] "GET /favicon.ico HTTP/1.1" 404 818
0:0:0:0:0:0:0:1 - - [19/Sep/2023:12:24:26 +0900] "GET /chapter06/hello.do HTTP/1.1" 200 157
0:0:0:0:0:0:0:1 - - [19/Sep/2023:14:06:14 +0900] "GET /chapter06/hello.do HTTP/1.1" 404 819
0:0:0:0:0:0:0:1 - - [19/Sep/2023:14:07:09 +0900] "GET /chapter06/hello.do HTTP/1.1" 404 819
127.0.0.1 - - [19/Sep/2023:14:07:29 +0900] "GET / HTTP/1.1" 404 807
0:0:0:0:0:0:0:1 - - [19/Sep/2023:14:07:42 +0900] "GET /chapter06/hello.do HTTP/1.1" 404 819
0:0:0:0:0:0:0:1 - - [19/Sep/2023:14:07:51 +0900] "GET /chapter06/view/hello.do HTTP/1.1" 404 721
0:0:0:0:0:0:0:1 - - [19/Sep/2023:14:07:55 +0900] "GET /chapter06/view/hello.do HTTP/1.1" 404 721
127.0.0.1 - - [19/Sep/2023:14:08:06 +0900] "GET / HTTP/1.1" 404 807
0:0:0:0:0:0:0:1 - - [19/Sep/2023:14:08:06 +0900] "GET /chapter06/WEB-INF/classes/com/controller/HelloController.java HTTP/1.1" 404 721
0:0:0:0:0:0:0:1 - - [19/Sep/2023:14:08:16 +0900] "GET /chapter06/view/hello.jsp HTTP/1.1" 200 139
0:0:0:0:0:0:0:1 - - [19/Sep/2023:14:08:30 +0900] "GET /chapter06/WEB-INF/classes/com/controller/HelloController.java HTTP/1.1" 404 721
0:0:0:0:0:0:0:1 - - [19/Sep/2023:14:08:43 +0900] "GET /chapter06/view/hello.jsp HTTP/1.1" 200 139
0:0:0:0:0:0:0:1 - - [19/Sep/2023:14:08:48 +0900] "GET /chapter06/view/hello.do HTTP/1.1" 404 721
0:0:0:0:0:0:0:1 - - [19/Sep/2023:14:16:48 +0900] "GET /chapter06/WEB-INF/view/hello2.jsp HTTP/1.1" 404 721
0:0:0:0:0:0:0:1 - - [19/Sep/2023:14:16:56 +0900] "GET /chapter06/view/hello.jsp HTTP/1.1" 200 139
0:0:0:0:0:0:0:1 - - [19/Sep/2023:14:17:02 +0900] "GET /chapter06/view/hello.do HTTP/1.1" 404 721
0:0:0:0:0:0:0:1 - - [19/Sep/2023:14:17:41 +0900] "GET /chapter06/hello.do HTTP/1.1" 200 157
127.0.0.1 - - [19/Sep/2023:14:18:23 +0900] "GET / HTTP/1.1" 404 807
0:0:0:0:0:0:0:1 - - [19/Sep/2023:14:18:33 +0900] "GET /chapter06/hello2.do HTTP/1.1" 200 145
0:0:0:0:0:0:0:1 - - [19/Sep/2023:14:19:25 +0900] "GET /chapter06/hello2.do HTTP/1.1" 200 149
127.0.0.1 - - [19/Sep/2023:14:25:07 +0900] "GET / HTTP/1.1" 404 807
0:0:0:0:0:0:0:1 - - [19/Sep/2023:14:25:32 +0900] "GET /chapter06/hello3.do HTTP/1.1" 404 803
127.0.0.1 - - [19/Sep/2023:14:30:32 +0900] "GET / HTTP/1.1" 404 807
0:0:0:0:0:0:0:1 - - [19/Sep/2023:14:30:35 +0900] "GET /chapter06/hello3.do HTTP/1.1" 200 7
127.0.0.1 - - [19/Sep/2023:14:32:03 +0900] "GET / HTTP/1.1" 404 807
0:0:0:0:0:0:0:1 - - [19/Sep/2023:14:32:03 +0900] "GET /chapter06/hello3.do HTTP/1.1" 200 5
127.0.0.1 - - [19/Sep/2023:14:39:55 +0900] "GET / HTTP/1.1" 404 807
0:0:0:0:0:0:0:1 - - [19/Sep/2023:14:40:02 +0900] "GET /chapter06/hello.do HTTP/1.1" 500 8910
0:0:0:0:0:0:0:1 - - [19/Sep/2023:14:40:15 +0900] "GET /chapter06/hello2.do HTTP/1.1" 500 8910
127.0.0.1 - - [19/Sep/2023:14:41:49 +0900] "GET / HTTP/1.1" 404 807
127.0.0.1 - - [19/Sep/2023:14:42:20 +0900] "GET / HTTP/1.1" 404 807
0:0:0:0:0:0:0:1 - - [19/Sep/2023:14:42:22 +0900] "GET /chapter06/hello2.do HTTP/1.1" 500 8910
0:0:0:0:0:0:0:1 - - [19/Sep/2023:14:42:26 +0900] "GET /chapter06/hello.do HTTP/1.1" 500 8910
127.0.0.1 - - [19/Sep/2023:14:42:33 +0900] "GET / HTTP/1.1" 404 807
0:0:0:0:0:0:0:1 - - [19/Sep/2023:14:42:39 +0900] "GET /chapter06/hello.do HTTP/1.1" 500 8910
0:0:0:0:0:0:0:1 - - [19/Sep/2023:14:42:42 +0900] "GET /chapter06/hello.do HTTP/1.1" 500 8910
0:0:0:0:0:0:0:1 - - [19/Sep/2023:14:42:49 +0900] "GET /chapter06/hello3.do HTTP/1.1" 500 8910
127.0.0.1 - - [19/Sep/2023:14:47:26 +0900] "GET / HTTP/1.1" 404 807
0:0:0:0:0:0:0:1 - - [19/Sep/2023:14:47:35 +0900] "GET /chapter06/hello3.do HTTP/1.1" 500 8910
0:0:0:0:0:0:0:1 - - [19/Sep/2023:14:47:35 +0900] "GET /chapter06/hello3.do HTTP/1.1" 500 8910
0:0:0:0:0:0:0:1 - - [19/Sep/2023:14:47:36 +0900] "GET /chapter06/hello3.do HTTP/1.1" 500 8910
0:0:0:0:0:0:0:1 - - [19/Sep/2023:14:47:36 +0900] "GET /chapter06/hello3.do HTTP/1.1" 500 8910
0:0:0:0:0:0:0:1 - - [19/Sep/2023:14:47:36 +0900] "GET /chapter06/hello3.do HTTP/1.1" 500 8910
0:0:0:0:0:0:0:1 - - [19/Sep/2023:14:47:36 +0900] "GET /chapter06/hello3.do HTTP/1.1" 500 8910
0:0:0:0:0:0:0:1 - - [19/Sep/2023:14:47:36 +0900] "GET /chapter06/hello3.do HTTP/1.1" 500 8910
0:0:0:0:0:0:0:1 - - [19/Sep/2023:14:47:36 +0900] "GET /chapter06/hello3.do HTTP/1.1" 500 8910
0:0:0:0:0:0:0:1 - - [19/Sep/2023:14:47:36 +0900] "GET /chapter06/hello3.do HTTP/1.1" 500 8910
0:0:0:0:0:0:0:1 - - [19/Sep/2023:14:47:37 +0900] "GET /chapter06/hello3.do HTTP/1.1" 500 8910
127.0.0.1 - - [19/Sep/2023:14:48:45 +0900] "GET / HTTP/1.1" 404 807
0:0:0:0:0:0:0:1 - - [19/Sep/2023:14:48:52 +0900] "GET /chapter06/hello3.do HTTP/1.1" 500 8910
127.0.0.1 - - [19/Sep/2023:14:50:16 +0900] "GET / HTTP/1.1" 404 807
0:0:0:0:0:0:0:1 - - [19/Sep/2023:14:50:19 +0900] "GET /chapter06/hello3.do HTTP/1.1" 500 8910
127.0.0.1 - - [19/Sep/2023:14:53:27 +0900] "GET / HTTP/1.1" 404 807
0:0:0:0:0:0:0:1 - - [19/Sep/2023:14:53:32 +0900] "GET /chapter06/hello3.do HTTP/1.1" 200 15
0:0:0:0:0:0:0:1 - - [19/Sep/2023:14:53:40 +0900] "GET /chapter06/hello2.do HTTP/1.1" 200 154
127.0.0.1 - - [19/Sep/2023:15:48:02 +0900] "GET / HTTP/1.1" 404 807
0:0:0:0:0:0:0:1 - - [19/Sep/2023:15:48:02 +0900] "GET /chapter06_1/WEB-INF/sum/input.jsp HTTP/1.1" 404 721
0:0:0:0:0:0:0:1 - - [19/Sep/2023:15:48:35 +0900] "GET /chapter06_1/input.do HTTP/1.1" 404 721
127.0.0.1 - - [19/Sep/2023:15:51:56 +0900] "GET / HTTP/1.1" 404 807
0:0:0:0:0:0:0:1 - - [19/Sep/2023:15:52:01 +0900] "GET /chapter06_1/input.do HTTP/1.1" 404 809
127.0.0.1 - - [19/Sep/2023:15:53:01 +0900] "GET / HTTP/1.1" 404 807
127.0.0.1 - - [19/Sep/2023:15:53:27 +0900] "GET / HTTP/1.1" 404 807
0:0:0:0:0:0:0:1 - - [19/Sep/2023:15:53:29 +0900] "GET /chapter06_1/input.do HTTP/1.1" 200 137
127.0.0.1 - - [19/Sep/2023:15:56:02 +0900] "GET / HTTP/1.1" 404 807
0:0:0:0:0:0:0:1 - - [19/Sep/2023:15:56:07 +0900] "GET /chapter06_1/input.do HTTP/1.1" 200 137
0:0:0:0:0:0:0:1 - - [19/Sep/2023:16:00:20 +0900] "GET /chapter06_1/input.do HTTP/1.1" 500 13597
127.0.0.1 - - [19/Sep/2023:16:00:32 +0900] "GET / HTTP/1.1" 404 807
0:0:0:0:0:0:0:1 - - [19/Sep/2023:16:00:41 +0900] "GET /chapter06_1/input.do HTTP/1.1" 200 629
127.0.0.1 - - [19/Sep/2023:16:03:19 +0900] "GET / HTTP/1.1" 404 807
0:0:0:0:0:0:0:1 - - [19/Sep/2023:16:03:21 +0900] "GET /chapter06_1/input.do HTTP/1.1" 200 629
0:0:0:0:0:0:0:1 - - [19/Sep/2023:16:03:21 +0900] "GET /chapter06_1/input.do HTTP/1.1" 200 629
0:0:0:0:0:0:0:1 - - [19/Sep/2023:16:03:24 +0900] "GET /chapter06_1/result.do?x=35&y=36 HTTP/1.1" 200 128
0:0:0:0:0:0:0:1 - - [19/Sep/2023:16:06:34 +0900] "GET /chapter06_1/result.do?x=35&y=36 HTTP/1.1" 200 149
127.0.0.1 - - [19/Sep/2023:16:55:59 +0900] "GET / HTTP/1.1" 404 807
0:0:0:0:0:0:0:1 - - [19/Sep/2023:16:56:02 +0900] "GET /chapter06_1/input.do HTTP/1.1" 200 629
0:0:0:0:0:0:0:1 - - [19/Sep/2023:16:56:02 +0900] "GET /chapter06_1/input.do HTTP/1.1" 200 629
0:0:0:0:0:0:0:1 - - [19/Sep/2023:16:56:03 +0900] "GET /chapter06_1/input.do HTTP/1.1" 200 629
0:0:0:0:0:0:0:1 - - [19/Sep/2023:16:56:03 +0900] "GET /chapter06_1/input.do HTTP/1.1" 200 629
0:0:0:0:0:0:0:1 - - [19/Sep/2023:16:56:03 +0900] "GET /chapter06_1/input.do HTTP/1.1" 200 629
0:0:0:0:0:0:0:1 - - [19/Sep/2023:16:56:03 +0900] "GET /chapter06_1/input.do HTTP/1.1" 200 629
0:0:0:0:0:0:0:1 - - [19/Sep/2023:16:56:07 +0900] "GET /chapter06_1/result.do?x=23&y=34 HTTP/1.1" 200 155
127.0.0.1 - - [19/Sep/2023:17:00:17 +0900] "GET / HTTP/1.1" 404 807
0:0:0:0:0:0:0:1 - - [19/Sep/2023:17:00:20 +0900] "GET /chapter06_1/input.do HTTP/1.1" 200 629
0:0:0:0:0:0:0:1 - - [19/Sep/2023:17:00:20 +0900] "GET /chapter06_1/input.do HTTP/1.1" 200 629
0:0:0:0:0:0:0:1 - - [19/Sep/2023:17:00:23 +0900] "GET /chapter06_1/result.do?x=51&y= HTTP/1.1" 200 154
127.0.0.1 - - [19/Sep/2023:17:03:13 +0900] "GET / HTTP/1.1" 404 807
0:0:0:0:0:0:0:1 - - [19/Sep/2023:17:03:15 +0900] "GET /chapter06_1/input.do HTTP/1.1" 200 629
0:0:0:0:0:0:0:1 - - [19/Sep/2023:17:03:15 +0900] "GET /chapter06_1/input.do HTTP/1.1" 200 629
0:0:0:0:0:0:0:1 - - [19/Sep/2023:17:03:17 +0900] "GET /chapter06_1/result.do?x=123&y= HTTP/1.1" 200 155
127.0.0.1 - - [19/Sep/2023:17:11:37 +0900] "GET / HTTP/1.1" 404 807
0:0:0:0:0:0:0:1 - - [19/Sep/2023:17:11:40 +0900] "GET /chapter06_1/input.do HTTP/1.1" 200 629
0:0:0:0:0:0:0:1 - - [19/Sep/2023:17:11:40 +0900] "GET /chapter06_1/input.do HTTP/1.1" 200 629
0:0:0:0:0:0:0:1 - - [19/Sep/2023:17:11:40 +0900] "GET /chapter06_1/input.do HTTP/1.1" 200 629
0:0:0:0:0:0:0:1 - - [19/Sep/2023:17:11:43 +0900] "GET /chapter06_1/result.do?x=48&y=98 HTTP/1.1" 200 156
127.0.0.1 - - [19/Sep/2023:19:37:56 +0900] "GET / HTTP/1.1" 404 807
0:0:0:0:0:0:0:1 - - [19/Sep/2023:19:38:02 +0900] "GET /chapter06_1/sungJuk/input.do HTTP/1.1" 404 721
127.0.0.1 - - [19/Sep/2023:19:38:27 +0900] "GET / HTTP/1.1" 404 807
0:0:0:0:0:0:0:1 - - [19/Sep/2023:19:38:34 +0900] "GET /chapter06_1/sungJuk/input.do HTTP/1.1" 404 721
0:0:0:0:0:0:0:1 - - [19/Sep/2023:19:42:02 +0900] "GET /chapter06_1/sungJuk/input.do HTTP/1.1" 404 721
127.0.0.1 - - [19/Sep/2023:19:42:09 +0900] "GET / HTTP/1.1" 404 807
0:0:0:0:0:0:0:1 - - [19/Sep/2023:19:42:14 +0900] "GET /chapter06_1/sungJuk/input.do HTTP/1.1" 404 721
127.0.0.1 - - [19/Sep/2023:19:43:23 +0900] "GET / HTTP/1.1" 404 807
0:0:0:0:0:0:0:1 - - [19/Sep/2023:19:43:33 +0900] "GET /chapter06_1/sungJuk/input.do HTTP/1.1" 404 721
127.0.0.1 - - [19/Sep/2023:19:46:04 +0900] "GET / HTTP/1.1" 404 807
0:0:0:0:0:0:0:1 - - [19/Sep/2023:19:46:04 +0900] "GET /chapter06_1/ HTTP/1.1" 404 823
0:0:0:0:0:0:0:1 - - [19/Sep/2023:19:46:14 +0900] "GET /chapter06_1/sungJuk/input.do HTTP/1.1" 404 721
127.0.0.1 - - [19/Sep/2023:19:48:26 +0900] "GET / HTTP/1.1" 404 807
0:0:0:0:0:0:0:1 - - [19/Sep/2023:19:48:26 +0900] "GET /chapter06_1/ HTTP/1.1" 404 823
0:0:0:0:0:0:0:1 - - [19/Sep/2023:19:48:33 +0900] "GET /chapter06_1/sungJuk/input.do HTTP/1.1" 200 919
0:0:0:0:0:0:0:1 - - [19/Sep/2023:19:48:37 +0900] "POST /chapter06_1/sungJuk/result.do HTTP/1.1" 200 409
127.0.0.1 - - [19/Sep/2023:19:50:31 +0900] "GET / HTTP/1.1" 404 807
0:0:0:0:0:0:0:1 - - [19/Sep/2023:19:50:31 +0900] "GET /chapter06_1/ HTTP/1.1" 404 823
0:0:0:0:0:0:0:1 - - [19/Sep/2023:19:50:40 +0900] "GET /chapter06_1/sungJuk/input.do HTTP/1.1" 200 919
0:0:0:0:0:0:0:1 - - [19/Sep/2023:19:50:44 +0900] "POST /chapter06_1/sungJuk/result.do HTTP/1.1" 200 404
127.0.0.1 - - [19/Sep/2023:19:51:24 +0900] "GET / HTTP/1.1" 404 807
0:0:0:0:0:0:0:1 - - [19/Sep/2023:19:51:25 +0900] "GET /chapter06_1/ HTTP/1.1" 404 823
0:0:0:0:0:0:0:1 - - [19/Sep/2023:19:51:29 +0900] "GET /chapter06_1/sungJuk/input.do HTTP/1.1" 200 919
0:0:0:0:0:0:0:1 - - [19/Sep/2023:19:51:33 +0900] "POST /chapter06_1/sungJuk/result.do HTTP/1.1" 200 418
127.0.0.1 - - [19/Sep/2023:20:08:51 +0900] "GET / HTTP/1.1" 404 807
0:0:0:0:0:0:0:1 - - [19/Sep/2023:20:08:51 +0900] "GET /chapter06_1/ HTTP/1.1" 404 823
0:0:0:0:0:0:0:1 - - [19/Sep/2023:20:08:56 +0900] "GET /chapter06_1/sungJuk/input.do HTTP/1.1" 200 919
0:0:0:0:0:0:0:1 - - [19/Sep/2023:20:09:00 +0900] "POST /chapter06_1/sungJuk/result.do HTTP/1.1" 200 408
0:0:0:0:0:0:0:1 - - [19/Sep/2023:20:10:51 +0900] "GET /chapter06_1/sungJuk/input.do HTTP/1.1" 200 919
0:0:0:0:0:0:0:1 - - [19/Sep/2023:20:10:54 +0900] "POST /chapter06_1/sungJuk/result.do HTTP/1.1" 200 407
